// 重构日志: 10884ae7
// 重构日志: 4c3b7fd2
// 重构日志: 242a9108
// 同步 ID: cb55d7d2 @ Thu Jul 16 14:45:52 UTC 2026
// 重构日志: 01426c33
// 重构日志: 250ced7d
// 重构日志: 2e28d888
// 重构日志: a5ff7f19
// 重构日志: e300f997
// 重构日志: d5d35dda
// 重构日志: e5db59b2
// 重构日志: 7bd63c1e
// 重构日志: d187056d
// 重构日志: 7c3f9c83
// 重构日志: df35f9e3
// 重构日志: 2f22d918
// 重构日志: bc767509
// 重构日志: 49a2709b
// 同步 ID: 1ffe1d3f @ Fri Jul 24 16:31:16 UTC 2026
// 重构日志: 197f3462
// 同步 ID: fd8eda29 @ Sat Jul 25 14:19:15 UTC 2026
// 重构日志: f28709fd
// 同步 ID: 86eef6b8 @ Sat Jul 25 18:08:19 UTC 2026
// 重构日志: 8d625652
// 重构日志: 44e2fea2
// 同步 ID: 1f7789a8 @ Sun Jul 26 12:27:43 UTC 2026
// 重构日志: fe116de2
// 重构日志: 70a77d52
// 重构日志: 0d53af5c
// 同步 ID: 2b7a97b9 @ Wed Jul 29 04:29:41 UTC 2026
